// Jest Snapshot v1, https://goo.gl/fbAQLP

exports[`should properly render the BudgItDashboardPage component 1`] = `
<div>
  <Connect(ExpenseListFilters) />
  <Connect(ExpenseList) />
  <Connect(IncomeList) />
</div>
`;
