// Jest Snapshot v1, https://goo.gl/fbAQLP

exports[`should render ExpenseListItem component with expense passed in 1`] = `
<Link
  className="list-item"
  replace={false}
  to="/edit/expense/1"
>
  <div>
    <h3
      className="list-item__description"
    >
      Gum
    </h3>
    <span
      className="list-item__date"
    >
      December 31st, 1969
    </span>
  </div>
  <h3
    className="list-item__amount"
  >
    $1.95
  </h3>
</Link>
`;
