// Jest Snapshot v1, https://goo.gl/fbAQLP

exports[`should properly render LoadingPage 1`] = `
<div
  className="loader"
>
  <img
    className="loader__gif"
    src="/images/Spinner-0.8s-200px (1).gif"
  />
</div>
`;
