// Jest Snapshot v1, https://goo.gl/fbAQLP

exports[`should properly render the NotFoundPage component 1`] = `
<div>
  <h3>
    <p>
      404: No match for 
      <code>
        /wrongpage
      </code>
    </p>
    <Link
      replace={false}
      to="/"
    >
      Go Home
    </Link>
  </h3>
</div>
`;
